
> crm-app@0.1.0 build
> next build

Γû▓ Next.js 16.2.1 (Turbopack)
- Environments: .env.local

ΓÜá The "middleware" file convention is deprecated. Please use "proxy" instead. Learn more: https://nextjs.org/docs/messages/middleware-to-proxy
  Creating an optimized production build ...
Γ£ô Compiled successfully in 4.1s
  Running TypeScript ...
  Finished TypeScript in 7.9s ...
  Collecting page data using 15 workers ...
  Generating static pages using 15 workers (0/38) ...
Γ£à Database Connection Successful - Supabase connected and schema ready
Γ£à Database Connection Successful - Supabase connected and schema ready
Γ£à Database Connection Successful - Supabase connected and schema ready
Γ£à Database Connection Successful - Supabase connected and schema ready
Γ£à Database Connection Successful - Supabase connected and schema ready
Γ£à Database Connection Successful - Supabase connected and schema ready
Γ£à Database Connection Successful - Supabase connected and schema ready
Γ£à Database Connection Successful - Supabase connected and schema ready
Γ£à Database Connection Successful - Supabase connected and schema ready
Γ£à Database Connection Successful - Supabase connected and schema ready
Γ£à Database Connection Successful - Supabase connected and schema ready
Γ£à Database Connection Successful - Supabase connected and schema ready
Γ£à Database Connection Successful - Supabase connected and schema ready
  Generating static pages using 15 workers (9/38) 
Γ£à Database Connection Successful - Supabase connected and schema ready
  Generating static pages using 15 workers (18/38) 
  Generating static pages using 15 workers (28/38) 
Γ£ô Generating static pages using 15 workers (38/38) in 1322ms
  Finalizing page optimization ...

Route (app)
Γöî Γùï /
Γö£ Γùï /_not-found
Γö£ ╞Æ /api/auth
Γö£ ╞Æ /api/auth/login
Γö£ ╞Æ /api/auth/logout
Γö£ ╞Æ /api/auth/me
Γö£ ╞Æ /api/clients
Γö£ ╞Æ /api/clients/[id]
Γö£ ╞Æ /api/inventory
Γö£ ╞Æ /api/inventory/[id]
Γö£ ╞Æ /api/inventory/[id]/stock-maintenance
Γö£ ╞Æ /api/invoices
Γö£ ╞Æ /api/invoices/[id]
Γö£ ╞Æ /api/leads
Γö£ ╞Æ /api/quotations
Γö£ ╞Æ /api/quotations/[id]
Γö£ ╞Æ /api/quotations/[id]/convert
Γö£ ╞Æ /api/rbac/me/permissions
Γö£ ╞Æ /api/rbac/me/permissions/[key]
Γö£ ╞Æ /api/rbac/permissions
Γö£ ╞Æ /api/rbac/roles
Γö£ ╞Æ /api/rbac/roles/[id]
Γö£ ╞Æ /api/rbac/roles/[id]/permissions
Γö£ ╞Æ /api/rbac/roles/[id]/permissions/[permissionId]
Γö£ ╞Æ /api/staff
Γö£ ╞Æ /api/staff/[id]
Γö£ ╞Æ /api/users
Γö£ ╞Æ /api/warehouses
Γö£ ╞Æ /api/warehouses/[id]
Γö£ Γùï /attendance
Γö£ Γùï /calls
Γö£ Γùï /customers
Γö£ Γùï /dashboard
Γö£ Γùï /deals
Γö£ Γùï /finance
Γö£ Γùï /home
Γö£ Γùï /icon
Γö£ Γùï /inventory
Γö£ Γùï /invoicing
Γö£ Γùï /leads
Γö£ Γùï /payroll
Γö£ Γùï /reports
Γö£ Γùï /settings
Γö£ Γùï /settings/rbac
Γö£ Γùï /staff
Γö£ Γùï /stock-upload
Γö£ Γùï /tasks
Γöö Γùï /warehouse


╞Æ Proxy (Middleware)

Γùï  (Static)   prerendered as static content
╞Æ  (Dynamic)  server-rendered on demand

